Archive member included because of file (symbol)

d:/programs/avr-gcc/avr_cdrive/bin/../lib/gcc/avr/4.3.3/avr5\libgcc.a(_exit.o)
                              d:/programs/avr-gcc/avr_cdrive/bin/../lib/gcc/avr/4.3.3/../../../../avr/lib/avr5/crtm32.o (exit)
d:/programs/avr-gcc/avr_cdrive/bin/../lib/gcc/avr/4.3.3/avr5\libgcc.a(_copy_data.o)
                              main.o (__do_copy_data)
d:/programs/avr-gcc/avr_cdrive/bin/../lib/gcc/avr/4.3.3/avr5\libgcc.a(_clear_bss.o)
                              main.o (__do_clear_bss)
d:/programs/avr-gcc/avr_cdrive/bin/../lib/gcc/avr/4.3.3/avr5\libgcc.a(_fixunssfsi.o)
                              keypad.o (__fixunssfsi)
d:/programs/avr-gcc/avr_cdrive/bin/../lib/gcc/avr/4.3.3/avr5\libgcc.a(_addsub_sf.o)
                              d:/programs/avr-gcc/avr_cdrive/bin/../lib/gcc/avr/4.3.3/avr5\libgcc.a(_fixunssfsi.o) (__subsf3)
d:/programs/avr-gcc/avr_cdrive/bin/../lib/gcc/avr/4.3.3/avr5\libgcc.a(_mul_sf.o)
                              keypad.o (__mulsf3)
d:/programs/avr-gcc/avr_cdrive/bin/../lib/gcc/avr/4.3.3/avr5\libgcc.a(_div_sf.o)
                              main.o (__divsf3)
d:/programs/avr-gcc/avr_cdrive/bin/../lib/gcc/avr/4.3.3/avr5\libgcc.a(_gt_sf.o)
                              keypad.o (__gtsf2)
d:/programs/avr-gcc/avr_cdrive/bin/../lib/gcc/avr/4.3.3/avr5\libgcc.a(_ge_sf.o)
                              main.o (__gesf2)
d:/programs/avr-gcc/avr_cdrive/bin/../lib/gcc/avr/4.3.3/avr5\libgcc.a(_lt_sf.o)
                              keypad.o (__ltsf2)
d:/programs/avr-gcc/avr_cdrive/bin/../lib/gcc/avr/4.3.3/avr5\libgcc.a(_sf_to_si.o)
                              d:/programs/avr-gcc/avr_cdrive/bin/../lib/gcc/avr/4.3.3/avr5\libgcc.a(_fixunssfsi.o) (__fixsfsi)
d:/programs/avr-gcc/avr_cdrive/bin/../lib/gcc/avr/4.3.3/avr5\libgcc.a(_thenan_sf.o)
                              d:/programs/avr-gcc/avr_cdrive/bin/../lib/gcc/avr/4.3.3/avr5\libgcc.a(_addsub_sf.o) (__thenan_sf)
d:/programs/avr-gcc/avr_cdrive/bin/../lib/gcc/avr/4.3.3/avr5\libgcc.a(_usi_to_sf.o)
                              main.o (__floatunsisf)
d:/programs/avr-gcc/avr_cdrive/bin/../lib/gcc/avr/4.3.3/avr5\libgcc.a(_prologue.o)
                              d:/programs/avr-gcc/avr_cdrive/bin/../lib/gcc/avr/4.3.3/avr5\libgcc.a(_addsub_sf.o) (__prologue_saves__)
d:/programs/avr-gcc/avr_cdrive/bin/../lib/gcc/avr/4.3.3/avr5\libgcc.a(_epilogue.o)
                              d:/programs/avr-gcc/avr_cdrive/bin/../lib/gcc/avr/4.3.3/avr5\libgcc.a(_addsub_sf.o) (__epilogue_restores__)
d:/programs/avr-gcc/avr_cdrive/bin/../lib/gcc/avr/4.3.3/avr5\libgcc.a(_clzsi2.o)
                              d:/programs/avr-gcc/avr_cdrive/bin/../lib/gcc/avr/4.3.3/avr5\libgcc.a(_usi_to_sf.o) (__clzsi2)
d:/programs/avr-gcc/avr_cdrive/bin/../lib/gcc/avr/4.3.3/avr5\libgcc.a(_pack_sf.o)
                              d:/programs/avr-gcc/avr_cdrive/bin/../lib/gcc/avr/4.3.3/avr5\libgcc.a(_addsub_sf.o) (__pack_f)
d:/programs/avr-gcc/avr_cdrive/bin/../lib/gcc/avr/4.3.3/avr5\libgcc.a(_unpack_sf.o)
                              d:/programs/avr-gcc/avr_cdrive/bin/../lib/gcc/avr/4.3.3/avr5\libgcc.a(_addsub_sf.o) (__unpack_f)
d:/programs/avr-gcc/avr_cdrive/bin/../lib/gcc/avr/4.3.3/avr5\libgcc.a(_fpcmp_parts_sf.o)
                              d:/programs/avr-gcc/avr_cdrive/bin/../lib/gcc/avr/4.3.3/avr5\libgcc.a(_gt_sf.o) (__fpcmp_parts_f)
d:/programs/avr-gcc/avr_cdrive/bin/../lib/gcc/avr/4.3.3/avr5\libgcc.a(_clz.o)
                              d:/programs/avr-gcc/avr_cdrive/bin/../lib/gcc/avr/4.3.3/avr5\libgcc.a(_clzsi2.o) (__clz_tab)
d:/programs/avr-gcc/avr_cdrive/bin/../lib/gcc/avr/4.3.3/../../../../avr/lib/avr5\libc.a(dtostrf.o)
                              lcd.o (dtostrf)
d:/programs/avr-gcc/avr_cdrive/bin/../lib/gcc/avr/4.3.3/../../../../avr/lib/avr5\libc.a(itoa.o)
                              lcd.o (itoa)
d:/programs/avr-gcc/avr_cdrive/bin/../lib/gcc/avr/4.3.3/../../../../avr/lib/avr5\libc.a(dtoa_prf.o)
                              d:/programs/avr-gcc/avr_cdrive/bin/../lib/gcc/avr/4.3.3/../../../../avr/lib/avr5\libc.a(dtostrf.o) (dtoa_prf)
d:/programs/avr-gcc/avr_cdrive/bin/../lib/gcc/avr/4.3.3/../../../../avr/lib/avr5\libc.a(ftoa_engine.o)
                              d:/programs/avr-gcc/avr_cdrive/bin/../lib/gcc/avr/4.3.3/../../../../avr/lib/avr5\libc.a(dtoa_prf.o) (__ftoa_engine)
d:/programs/avr-gcc/avr_cdrive/bin/../lib/gcc/avr/4.3.3/../../../../avr/lib/avr5\libc.a(strrev.o)
                              d:/programs/avr-gcc/avr_cdrive/bin/../lib/gcc/avr/4.3.3/../../../../avr/lib/avr5\libc.a(itoa.o) (strrev)
d:/programs/avr-gcc/avr_cdrive/bin/../lib/gcc/avr/4.3.3/avr5\libgcc.a(_udivmodhi4.o)
                              d:/programs/avr-gcc/avr_cdrive/bin/../lib/gcc/avr/4.3.3/../../../../avr/lib/avr5\libc.a(itoa.o) (__udivmodhi4)

Allocating common symbols
Common symbol       size              file

amp                 0x4               main.o
voltage             0x4               main.o
adc_value           0x4               main.o
adc1                0x4               main.o
max                 0x4               main.o
Vout                0x4               main.o
status              0x1               main.o

Memory Configuration

Name             Origin             Length             Attributes
text             0x00000000         0x00020000         xr
data             0x00800060         0x0000ffa0         rw !x
eeprom           0x00810000         0x00010000         rw !x
fuse             0x00820000         0x00000400         rw !x
lock             0x00830000         0x00000400         rw !x
signature        0x00840000         0x00000400         rw !x
*default*        0x00000000         0xffffffff

Linker script and memory map

LOAD d:/programs/avr-gcc/avr_cdrive/bin/../lib/gcc/avr/4.3.3/../../../../avr/lib/avr5/crtm32.o
LOAD adc.o
LOAD gpio.o
LOAD keypad.o
LOAD lcd.o
LOAD main.o
LOAD d:/programs/avr-gcc/avr_cdrive/bin/../lib/gcc/avr/4.3.3/avr5\libgcc.a
LOAD d:/programs/avr-gcc/avr_cdrive/bin/../lib/gcc/avr/4.3.3/../../../../avr/lib/avr5\libc.a
LOAD d:/programs/avr-gcc/avr_cdrive/bin/../lib/gcc/avr/4.3.3/avr5\libgcc.a

.hash
 *(.hash)

.dynsym
 *(.dynsym)

.dynstr
 *(.dynstr)

.gnu.version
 *(.gnu.version)

.gnu.version_d
 *(.gnu.version_d)

.gnu.version_r
 *(.gnu.version_r)

.rel.init
 *(.rel.init)

.rela.init
 *(.rela.init)

.rel.text
 *(.rel.text)
 *(.rel.text.*)
 *(.rel.gnu.linkonce.t*)

.rela.text
 *(.rela.text)
 *(.rela.text.*)
 *(.rela.gnu.linkonce.t*)

.rel.fini
 *(.rel.fini)

.rela.fini
 *(.rela.fini)

.rel.rodata
 *(.rel.rodata)
 *(.rel.rodata.*)
 *(.rel.gnu.linkonce.r*)

.rela.rodata
 *(.rela.rodata)
 *(.rela.rodata.*)
 *(.rela.gnu.linkonce.r*)

.rel.data
 *(.rel.data)
 *(.rel.data.*)
 *(.rel.gnu.linkonce.d*)

.rela.data
 *(.rela.data)
 *(.rela.data.*)
 *(.rela.gnu.linkonce.d*)

.rel.ctors
 *(.rel.ctors)

.rela.ctors
 *(.rela.ctors)

.rel.dtors
 *(.rel.dtors)

.rela.dtors
 *(.rela.dtors)

.rel.got
 *(.rel.got)

.rela.got
 *(.rela.got)

.rel.bss
 *(.rel.bss)

.rela.bss
 *(.rela.bss)

.rel.plt
 *(.rel.plt)

.rela.plt
 *(.rela.plt)

.text           0x00000000     0x6f98
 *(.vectors)
 .vectors       0x00000000       0x54 d:/programs/avr-gcc/avr_cdrive/bin/../lib/gcc/avr/4.3.3/../../../../avr/lib/avr5/crtm32.o
                0x00000000                __vectors
                0x00000000                __vector_default
 *(.vectors)
 *(.progmem.gcc*)
 *(.progmem*)
 .progmem.data  0x00000054       0xfa d:/programs/avr-gcc/avr_cdrive/bin/../lib/gcc/avr/4.3.3/../../../../avr/lib/avr5\libc.a(ftoa_engine.o)
                0x0000014e                . = ALIGN (0x2)
                0x0000014e                __trampolines_start = .
 *(.trampolines)
 .trampolines   0x0000014e        0x0 linker stubs
 *(.trampolines*)
                0x0000014e                __trampolines_end = .
 *(.jumptables)
 *(.jumptables*)
 *(.lowtext)
 *(.lowtext*)
                0x0000014e                __ctors_start = .
 *(.ctors)
                0x0000014e                __ctors_end = .
                0x0000014e                __dtors_start = .
 *(.dtors)
                0x0000014e                __dtors_end = .
 SORT(*)(.ctors)
 SORT(*)(.dtors)
 *(.init0)
 .init0         0x0000014e        0x0 d:/programs/avr-gcc/avr_cdrive/bin/../lib/gcc/avr/4.3.3/../../../../avr/lib/avr5/crtm32.o
                0x0000014e                __init
 *(.init0)
 *(.init1)
 *(.init1)
 *(.init2)
 .init2         0x0000014e        0xc d:/programs/avr-gcc/avr_cdrive/bin/../lib/gcc/avr/4.3.3/../../../../avr/lib/avr5/crtm32.o
 *(.init2)
 *(.init3)
 *(.init3)
 *(.init4)
 .init4         0x0000015a       0x16 d:/programs/avr-gcc/avr_cdrive/bin/../lib/gcc/avr/4.3.3/avr5\libgcc.a(_copy_data.o)
                0x0000015a                __do_copy_data
 .init4         0x00000170       0x10 d:/programs/avr-gcc/avr_cdrive/bin/../lib/gcc/avr/4.3.3/avr5\libgcc.a(_clear_bss.o)
                0x00000170                __do_clear_bss
 *(.init4)
 *(.init5)
 *(.init5)
 *(.init6)
 *(.init6)
 *(.init7)
 *(.init7)
 *(.init8)
 *(.init8)
 *(.init9)
 .init9         0x00000180        0x8 d:/programs/avr-gcc/avr_cdrive/bin/../lib/gcc/avr/4.3.3/../../../../avr/lib/avr5/crtm32.o
 *(.init9)
 *(.text)
 .text          0x00000188        0x4 d:/programs/avr-gcc/avr_cdrive/bin/../lib/gcc/avr/4.3.3/../../../../avr/lib/avr5/crtm32.o
                0x00000188                __vector_1
                0x00000188                __vector_12
                0x00000188                __bad_interrupt
                0x00000188                __vector_6
                0x00000188                __vector_3
                0x00000188                __vector_11
                0x00000188                __vector_13
                0x00000188                __vector_17
                0x00000188                __vector_19
                0x00000188                __vector_7
                0x00000188                __vector_5
                0x00000188                __vector_4
                0x00000188                __vector_9
                0x00000188                __vector_2
                0x00000188                __vector_15
                0x00000188                __vector_8
                0x00000188                __vector_14
                0x00000188                __vector_10
                0x00000188                __vector_16
                0x00000188                __vector_18
                0x00000188                __vector_20
 .text          0x0000018c        0x0 adc.o
 .text          0x0000018c        0x0 gpio.o
 .text          0x0000018c        0x0 keypad.o
 .text          0x0000018c        0x0 lcd.o
 .text          0x0000018c        0x0 main.o
 .text          0x0000018c        0x0 d:/programs/avr-gcc/avr_cdrive/bin/../lib/gcc/avr/4.3.3/avr5\libgcc.a(_exit.o)
 .text          0x0000018c        0x0 d:/programs/avr-gcc/avr_cdrive/bin/../lib/gcc/avr/4.3.3/avr5\libgcc.a(_copy_data.o)
 .text          0x0000018c        0x0 d:/programs/avr-gcc/avr_cdrive/bin/../lib/gcc/avr/4.3.3/avr5\libgcc.a(_clear_bss.o)
 .text          0x0000018c       0x58 d:/programs/avr-gcc/avr_cdrive/bin/../lib/gcc/avr/4.3.3/avr5\libgcc.a(_fixunssfsi.o)
                0x0000018c                __fixunssfsi
 .text          0x000001e4      0x354 d:/programs/avr-gcc/avr_cdrive/bin/../lib/gcc/avr/4.3.3/avr5\libgcc.a(_addsub_sf.o)
                0x0000047c                __subsf3
                0x000004de                __addsf3
 .text          0x00000538      0x1f4 d:/programs/avr-gcc/avr_cdrive/bin/../lib/gcc/avr/4.3.3/avr5\libgcc.a(_mul_sf.o)
                0x00000538                __mulsf3
 .text          0x0000072c      0x158 d:/programs/avr-gcc/avr_cdrive/bin/../lib/gcc/avr/4.3.3/avr5\libgcc.a(_div_sf.o)
                0x0000072c                __divsf3
 .text          0x00000884       0x60 d:/programs/avr-gcc/avr_cdrive/bin/../lib/gcc/avr/4.3.3/avr5\libgcc.a(_gt_sf.o)
                0x00000884                __gtsf2
 .text          0x000008e4       0x60 d:/programs/avr-gcc/avr_cdrive/bin/../lib/gcc/avr/4.3.3/avr5\libgcc.a(_ge_sf.o)
                0x000008e4                __gesf2
 .text          0x00000944       0x60 d:/programs/avr-gcc/avr_cdrive/bin/../lib/gcc/avr/4.3.3/avr5\libgcc.a(_lt_sf.o)
                0x00000944                __ltsf2
 .text          0x000009a4       0xa8 d:/programs/avr-gcc/avr_cdrive/bin/../lib/gcc/avr/4.3.3/avr5\libgcc.a(_sf_to_si.o)
                0x000009a4                __fixsfsi
 .text          0x00000a4c        0x0 d:/programs/avr-gcc/avr_cdrive/bin/../lib/gcc/avr/4.3.3/avr5\libgcc.a(_thenan_sf.o)
 .text          0x00000a4c       0xf2 d:/programs/avr-gcc/avr_cdrive/bin/../lib/gcc/avr/4.3.3/avr5\libgcc.a(_usi_to_sf.o)
                0x00000a4c                __floatunsisf
 .text          0x00000b3e        0x0 d:/programs/avr-gcc/avr_cdrive/bin/../lib/gcc/avr/4.3.3/avr5\libgcc.a(_prologue.o)
 .text          0x00000b3e        0x0 d:/programs/avr-gcc/avr_cdrive/bin/../lib/gcc/avr/4.3.3/avr5\libgcc.a(_epilogue.o)
 .text          0x00000b3e       0x9e d:/programs/avr-gcc/avr_cdrive/bin/../lib/gcc/avr/4.3.3/avr5\libgcc.a(_clzsi2.o)
                0x00000b3e                __clzsi2
 .text          0x00000bdc      0x1aa d:/programs/avr-gcc/avr_cdrive/bin/../lib/gcc/avr/4.3.3/avr5\libgcc.a(_pack_sf.o)
                0x00000bdc                __pack_f
 .text          0x00000d86       0xf0 d:/programs/avr-gcc/avr_cdrive/bin/../lib/gcc/avr/4.3.3/avr5\libgcc.a(_unpack_sf.o)
                0x00000d86                __unpack_f
 .text          0x00000e76       0xb2 d:/programs/avr-gcc/avr_cdrive/bin/../lib/gcc/avr/4.3.3/avr5\libgcc.a(_fpcmp_parts_sf.o)
                0x00000e76                __fpcmp_parts_f
 .text          0x00000f28        0x0 d:/programs/avr-gcc/avr_cdrive/bin/../lib/gcc/avr/4.3.3/avr5\libgcc.a(_clz.o)
 .text          0x00000f28        0x0 d:/programs/avr-gcc/avr_cdrive/bin/../lib/gcc/avr/4.3.3/../../../../avr/lib/avr5\libc.a(dtostrf.o)
 .text          0x00000f28        0x0 d:/programs/avr-gcc/avr_cdrive/bin/../lib/gcc/avr/4.3.3/../../../../avr/lib/avr5\libc.a(itoa.o)
 .text          0x00000f28        0x0 d:/programs/avr-gcc/avr_cdrive/bin/../lib/gcc/avr/4.3.3/../../../../avr/lib/avr5\libc.a(dtoa_prf.o)
 .text          0x00000f28        0x0 d:/programs/avr-gcc/avr_cdrive/bin/../lib/gcc/avr/4.3.3/../../../../avr/lib/avr5\libc.a(ftoa_engine.o)
 .text          0x00000f28        0x0 d:/programs/avr-gcc/avr_cdrive/bin/../lib/gcc/avr/4.3.3/../../../../avr/lib/avr5\libc.a(strrev.o)
 .text          0x00000f28        0x0 d:/programs/avr-gcc/avr_cdrive/bin/../lib/gcc/avr/4.3.3/avr5\libgcc.a(_udivmodhi4.o)
                0x00000f28                . = ALIGN (0x2)
 *(.text.*)
 .text.ADC_init
                0x00000f28       0x7a adc.o
                0x00000f28                ADC_init
 .text.ADC_readChannel
                0x00000fa2       0x60 adc.o
                0x00000fa2                ADC_readChannel
 .text.GPIO_setupPinDirection
                0x00001002      0x1d6 gpio.o
                0x00001002                GPIO_setupPinDirection
 .text.GPIO_writePin
                0x000011d8      0x1d6 gpio.o
                0x000011d8                GPIO_writePin
 .text.GPIO_readPin
                0x000013ae      0x136 gpio.o
                0x000013ae                GPIO_readPin
 .text.GPIO_setupPortDirection
                0x000014e4       0x88 gpio.o
                0x000014e4                GPIO_setupPortDirection
 .text.GPIO_writePort
                0x0000156c       0x88 gpio.o
                0x0000156c                GPIO_writePort
 .text.GPIO_readPort
                0x000015f4       0x8a gpio.o
                0x000015f4                GPIO_readPort
 .text.KEYPAD_getPressedKey
                0x0000167e      0x1cc keypad.o
                0x0000167e                KEYPAD_getPressedKey
 .text.KEYPAD_4x4_adjustKeyNumber
                0x0000184a      0x14e keypad.o
 .text.LCD_init
                0x00001998      0x164 lcd.o
                0x00001998                LCD_init
 .text.LCD_sendCommand
                0x00001afc      0x8f6 lcd.o
                0x00001afc                LCD_sendCommand
 .text.LCD_displayCharacter
                0x000023f2      0x8f6 lcd.o
                0x000023f2                LCD_displayCharacter
 .text.LCD_displayString
                0x00002ce8       0x52 lcd.o
                0x00002ce8                LCD_displayString
 .text.LCD_moveCursor
                0x00002d3a       0x84 lcd.o
                0x00002d3a                LCD_moveCursor
 .text.LCD_displayStringRowColumn
                0x00002dbe       0x32 lcd.o
                0x00002dbe                LCD_displayStringRowColumn
 .text.LCD_intgerToString
                0x00002df0       0x46 lcd.o
                0x00002df0                LCD_intgerToString
 .text.LCD_clearScreen
                0x00002e36       0x14 lcd.o
                0x00002e36                LCD_clearScreen
 .text.LCD_displayFloat
                0x00002e4a       0x60 lcd.o
                0x00002e4a                LCD_displayFloat
 .text.main     0x00002eaa       0xf4 main.o
                0x00002eaa                main
 .text.MAIN_whichMode
                0x00002f9e       0xfa main.o
                0x00002f9e                MAIN_whichMode
 .text.MAIN_voltmeter
                0x00003098       0x12 main.o
                0x00003098                MAIN_voltmeter
 .text.MAIN_whichRange
                0x000030aa       0xee main.o
                0x000030aa                MAIN_whichRange
 .text.MAIN_firstRange
                0x00003198      0x1ea main.o
                0x00003198                MAIN_firstRange
 .text.MAIN_secondRange
                0x00003382      0x1ea main.o
                0x00003382                MAIN_secondRange
 .text.MAIN_thirdRange
                0x0000356c      0x1ea main.o
                0x0000356c                MAIN_thirdRange
 .text.MAIN_fourthRange
                0x00003756      0x1ea main.o
                0x00003756                MAIN_fourthRange
 .text.AmmeterMode
                0x00003940     0x30a6 main.o
                0x00003940                AmmeterMode
 .text.libgcc   0x000069e6        0x0 d:/programs/avr-gcc/avr_cdrive/bin/../lib/gcc/avr/4.3.3/avr5\libgcc.a(_exit.o)
 .text.libgcc   0x000069e6        0x0 d:/programs/avr-gcc/avr_cdrive/bin/../lib/gcc/avr/4.3.3/avr5\libgcc.a(_copy_data.o)
 .text.libgcc   0x000069e6        0x0 d:/programs/avr-gcc/avr_cdrive/bin/../lib/gcc/avr/4.3.3/avr5\libgcc.a(_clear_bss.o)
 .text.libgcc   0x000069e6       0x38 d:/programs/avr-gcc/avr_cdrive/bin/../lib/gcc/avr/4.3.3/avr5\libgcc.a(_prologue.o)
                0x000069e6                __prologue_saves__
 .text.libgcc   0x00006a1e       0x36 d:/programs/avr-gcc/avr_cdrive/bin/../lib/gcc/avr/4.3.3/avr5\libgcc.a(_epilogue.o)
                0x00006a1e                __epilogue_restores__
 .text.avr-libc
                0x00006a54       0x42 d:/programs/avr-gcc/avr_cdrive/bin/../lib/gcc/avr/4.3.3/../../../../avr/lib/avr5\libc.a(dtostrf.o)
                0x00006a54                dtostrf
 .text.avr-libc
                0x00006a96       0x42 d:/programs/avr-gcc/avr_cdrive/bin/../lib/gcc/avr/4.3.3/../../../../avr/lib/avr5\libc.a(itoa.o)
                0x00006a96                itoa
 .text.avr-libc
                0x00006ad8      0x2c4 d:/programs/avr-gcc/avr_cdrive/bin/../lib/gcc/avr/4.3.3/../../../../avr/lib/avr5\libc.a(dtoa_prf.o)
                0x00006ad8                dtoa_prf
 .text.avr-libc
                0x00006d9c      0x1b0 d:/programs/avr-gcc/avr_cdrive/bin/../lib/gcc/avr/4.3.3/../../../../avr/lib/avr5\libc.a(ftoa_engine.o)
                0x00006d9c                __ftoa_engine
 .text.avr-libc
                0x00006f4c       0x20 d:/programs/avr-gcc/avr_cdrive/bin/../lib/gcc/avr/4.3.3/../../../../avr/lib/avr5\libc.a(strrev.o)
                0x00006f4c                strrev
 .text.libgcc   0x00006f6c       0x28 d:/programs/avr-gcc/avr_cdrive/bin/../lib/gcc/avr/4.3.3/avr5\libgcc.a(_udivmodhi4.o)
                0x00006f6c                __udivmodhi4
                0x00006f94                . = ALIGN (0x2)
 *(.fini9)
 .fini9         0x00006f94        0x0 d:/programs/avr-gcc/avr_cdrive/bin/../lib/gcc/avr/4.3.3/avr5\libgcc.a(_exit.o)
                0x00006f94                exit
                0x00006f94                _exit
 *(.fini9)
 *(.fini8)
 *(.fini8)
 *(.fini7)
 *(.fini7)
 *(.fini6)
 *(.fini6)
 *(.fini5)
 *(.fini5)
 *(.fini4)
 *(.fini4)
 *(.fini3)
 *(.fini3)
 *(.fini2)
 *(.fini2)
 *(.fini1)
 *(.fini1)
 *(.fini0)
 .fini0         0x00006f94        0x4 d:/programs/avr-gcc/avr_cdrive/bin/../lib/gcc/avr/4.3.3/avr5\libgcc.a(_exit.o)
 *(.fini0)
                0x00006f98                _etext = .

.data           0x00800060      0x1c2 load address 0x00006f98
                0x00800060                PROVIDE (__data_start, .)
 *(.data)
 .data          0x00800060        0x0 d:/programs/avr-gcc/avr_cdrive/bin/../lib/gcc/avr/4.3.3/../../../../avr/lib/avr5/crtm32.o
 .data          0x00800060        0x0 adc.o
 .data          0x00800060        0x0 gpio.o
 .data          0x00800060        0x0 keypad.o
 .data          0x00800060        0x0 lcd.o
 .data          0x00800060       0xba main.o
 .data          0x0080011a        0x0 d:/programs/avr-gcc/avr_cdrive/bin/../lib/gcc/avr/4.3.3/avr5\libgcc.a(_exit.o)
 .data          0x0080011a        0x0 d:/programs/avr-gcc/avr_cdrive/bin/../lib/gcc/avr/4.3.3/avr5\libgcc.a(_copy_data.o)
 .data          0x0080011a        0x0 d:/programs/avr-gcc/avr_cdrive/bin/../lib/gcc/avr/4.3.3/avr5\libgcc.a(_clear_bss.o)
 .data          0x0080011a        0x0 d:/programs/avr-gcc/avr_cdrive/bin/../lib/gcc/avr/4.3.3/avr5\libgcc.a(_fixunssfsi.o)
 .data          0x0080011a        0x0 d:/programs/avr-gcc/avr_cdrive/bin/../lib/gcc/avr/4.3.3/avr5\libgcc.a(_addsub_sf.o)
 .data          0x0080011a        0x0 d:/programs/avr-gcc/avr_cdrive/bin/../lib/gcc/avr/4.3.3/avr5\libgcc.a(_mul_sf.o)
 .data          0x0080011a        0x0 d:/programs/avr-gcc/avr_cdrive/bin/../lib/gcc/avr/4.3.3/avr5\libgcc.a(_div_sf.o)
 .data          0x0080011a        0x0 d:/programs/avr-gcc/avr_cdrive/bin/../lib/gcc/avr/4.3.3/avr5\libgcc.a(_gt_sf.o)
 .data          0x0080011a        0x0 d:/programs/avr-gcc/avr_cdrive/bin/../lib/gcc/avr/4.3.3/avr5\libgcc.a(_ge_sf.o)
 .data          0x0080011a        0x0 d:/programs/avr-gcc/avr_cdrive/bin/../lib/gcc/avr/4.3.3/avr5\libgcc.a(_lt_sf.o)
 .data          0x0080011a        0x0 d:/programs/avr-gcc/avr_cdrive/bin/../lib/gcc/avr/4.3.3/avr5\libgcc.a(_sf_to_si.o)
 .data          0x0080011a        0x8 d:/programs/avr-gcc/avr_cdrive/bin/../lib/gcc/avr/4.3.3/avr5\libgcc.a(_thenan_sf.o)
                0x0080011a                __thenan_sf
 .data          0x00800122        0x0 d:/programs/avr-gcc/avr_cdrive/bin/../lib/gcc/avr/4.3.3/avr5\libgcc.a(_usi_to_sf.o)
 .data          0x00800122        0x0 d:/programs/avr-gcc/avr_cdrive/bin/../lib/gcc/avr/4.3.3/avr5\libgcc.a(_prologue.o)
 .data          0x00800122        0x0 d:/programs/avr-gcc/avr_cdrive/bin/../lib/gcc/avr/4.3.3/avr5\libgcc.a(_epilogue.o)
 .data          0x00800122        0x0 d:/programs/avr-gcc/avr_cdrive/bin/../lib/gcc/avr/4.3.3/avr5\libgcc.a(_clzsi2.o)
 .data          0x00800122        0x0 d:/programs/avr-gcc/avr_cdrive/bin/../lib/gcc/avr/4.3.3/avr5\libgcc.a(_pack_sf.o)
 .data          0x00800122        0x0 d:/programs/avr-gcc/avr_cdrive/bin/../lib/gcc/avr/4.3.3/avr5\libgcc.a(_unpack_sf.o)
 .data          0x00800122        0x0 d:/programs/avr-gcc/avr_cdrive/bin/../lib/gcc/avr/4.3.3/avr5\libgcc.a(_fpcmp_parts_sf.o)
 .data          0x00800122      0x100 d:/programs/avr-gcc/avr_cdrive/bin/../lib/gcc/avr/4.3.3/avr5\libgcc.a(_clz.o)
                0x00800122                __clz_tab
 .data          0x00800222        0x0 d:/programs/avr-gcc/avr_cdrive/bin/../lib/gcc/avr/4.3.3/../../../../avr/lib/avr5\libc.a(dtostrf.o)
 .data          0x00800222        0x0 d:/programs/avr-gcc/avr_cdrive/bin/../lib/gcc/avr/4.3.3/../../../../avr/lib/avr5\libc.a(itoa.o)
 .data          0x00800222        0x0 d:/programs/avr-gcc/avr_cdrive/bin/../lib/gcc/avr/4.3.3/../../../../avr/lib/avr5\libc.a(dtoa_prf.o)
 .data          0x00800222        0x0 d:/programs/avr-gcc/avr_cdrive/bin/../lib/gcc/avr/4.3.3/../../../../avr/lib/avr5\libc.a(ftoa_engine.o)
 .data          0x00800222        0x0 d:/programs/avr-gcc/avr_cdrive/bin/../lib/gcc/avr/4.3.3/../../../../avr/lib/avr5\libc.a(strrev.o)
 .data          0x00800222        0x0 d:/programs/avr-gcc/avr_cdrive/bin/../lib/gcc/avr/4.3.3/avr5\libgcc.a(_udivmodhi4.o)
 *(.data*)
 *(.rodata)
 *(.rodata*)
 *(.gnu.linkonce.d*)
                0x00800222                . = ALIGN (0x2)
                0x00800222                _edata = .
                0x00800222                PROVIDE (__data_end, .)

.bss            0x00800222       0x1b
                0x00800222                PROVIDE (__bss_start, .)
 *(.bss)
 .bss           0x00800222        0x0 d:/programs/avr-gcc/avr_cdrive/bin/../lib/gcc/avr/4.3.3/../../../../avr/lib/avr5/crtm32.o
 .bss           0x00800222        0x0 adc.o
 .bss           0x00800222        0x0 gpio.o
 .bss           0x00800222        0x0 keypad.o
 .bss           0x00800222        0x0 lcd.o
 .bss           0x00800222        0x0 main.o
 .bss           0x00800222        0x0 d:/programs/avr-gcc/avr_cdrive/bin/../lib/gcc/avr/4.3.3/avr5\libgcc.a(_exit.o)
 .bss           0x00800222        0x0 d:/programs/avr-gcc/avr_cdrive/bin/../lib/gcc/avr/4.3.3/avr5\libgcc.a(_copy_data.o)
 .bss           0x00800222        0x0 d:/programs/avr-gcc/avr_cdrive/bin/../lib/gcc/avr/4.3.3/avr5\libgcc.a(_clear_bss.o)
 .bss           0x00800222        0x0 d:/programs/avr-gcc/avr_cdrive/bin/../lib/gcc/avr/4.3.3/avr5\libgcc.a(_fixunssfsi.o)
 .bss           0x00800222        0x0 d:/programs/avr-gcc/avr_cdrive/bin/../lib/gcc/avr/4.3.3/avr5\libgcc.a(_addsub_sf.o)
 .bss           0x00800222        0x0 d:/programs/avr-gcc/avr_cdrive/bin/../lib/gcc/avr/4.3.3/avr5\libgcc.a(_mul_sf.o)
 .bss           0x00800222        0x0 d:/programs/avr-gcc/avr_cdrive/bin/../lib/gcc/avr/4.3.3/avr5\libgcc.a(_div_sf.o)
 .bss           0x00800222        0x0 d:/programs/avr-gcc/avr_cdrive/bin/../lib/gcc/avr/4.3.3/avr5\libgcc.a(_gt_sf.o)
 .bss           0x00800222        0x0 d:/programs/avr-gcc/avr_cdrive/bin/../lib/gcc/avr/4.3.3/avr5\libgcc.a(_ge_sf.o)
 .bss           0x00800222        0x0 d:/programs/avr-gcc/avr_cdrive/bin/../lib/gcc/avr/4.3.3/avr5\libgcc.a(_lt_sf.o)
 .bss           0x00800222        0x0 d:/programs/avr-gcc/avr_cdrive/bin/../lib/gcc/avr/4.3.3/avr5\libgcc.a(_sf_to_si.o)
 .bss           0x00800222        0x0 d:/programs/avr-gcc/avr_cdrive/bin/../lib/gcc/avr/4.3.3/avr5\libgcc.a(_thenan_sf.o)
 .bss           0x00800222        0x0 d:/programs/avr-gcc/avr_cdrive/bin/../lib/gcc/avr/4.3.3/avr5\libgcc.a(_usi_to_sf.o)
 .bss           0x00800222        0x0 d:/programs/avr-gcc/avr_cdrive/bin/../lib/gcc/avr/4.3.3/avr5\libgcc.a(_prologue.o)
 .bss           0x00800222        0x0 d:/programs/avr-gcc/avr_cdrive/bin/../lib/gcc/avr/4.3.3/avr5\libgcc.a(_epilogue.o)
 .bss           0x00800222        0x0 d:/programs/avr-gcc/avr_cdrive/bin/../lib/gcc/avr/4.3.3/avr5\libgcc.a(_clzsi2.o)
 .bss           0x00800222        0x0 d:/programs/avr-gcc/avr_cdrive/bin/../lib/gcc/avr/4.3.3/avr5\libgcc.a(_pack_sf.o)
 .bss           0x00800222        0x0 d:/programs/avr-gcc/avr_cdrive/bin/../lib/gcc/avr/4.3.3/avr5\libgcc.a(_unpack_sf.o)
 .bss           0x00800222        0x0 d:/programs/avr-gcc/avr_cdrive/bin/../lib/gcc/avr/4.3.3/avr5\libgcc.a(_fpcmp_parts_sf.o)
 .bss           0x00800222        0x0 d:/programs/avr-gcc/avr_cdrive/bin/../lib/gcc/avr/4.3.3/avr5\libgcc.a(_clz.o)
 .bss           0x00800222        0x0 d:/programs/avr-gcc/avr_cdrive/bin/../lib/gcc/avr/4.3.3/../../../../avr/lib/avr5\libc.a(dtostrf.o)
 .bss           0x00800222        0x0 d:/programs/avr-gcc/avr_cdrive/bin/../lib/gcc/avr/4.3.3/../../../../avr/lib/avr5\libc.a(itoa.o)
 .bss           0x00800222        0x0 d:/programs/avr-gcc/avr_cdrive/bin/../lib/gcc/avr/4.3.3/../../../../avr/lib/avr5\libc.a(dtoa_prf.o)
 .bss           0x00800222        0x0 d:/programs/avr-gcc/avr_cdrive/bin/../lib/gcc/avr/4.3.3/../../../../avr/lib/avr5\libc.a(ftoa_engine.o)
 .bss           0x00800222        0x0 d:/programs/avr-gcc/avr_cdrive/bin/../lib/gcc/avr/4.3.3/../../../../avr/lib/avr5\libc.a(strrev.o)
 .bss           0x00800222        0x0 d:/programs/avr-gcc/avr_cdrive/bin/../lib/gcc/avr/4.3.3/avr5\libgcc.a(_udivmodhi4.o)
 *(.bss*)
 .bss.num       0x00800222        0x1 main.o
                0x00800222                num
 .bss.num2      0x00800223        0x1 main.o
                0x00800223                num2
 *(COMMON)
 COMMON         0x00800224       0x19 main.o
                0x00800224                amp
                0x00800228                voltage
                0x0080022c                adc_value
                0x00800230                adc1
                0x00800234                max
                0x00800238                Vout
                0x0080023c                status
                0x0080023d                PROVIDE (__bss_end, .)
                0x00006f98                __data_load_start = LOADADDR (.data)
                0x0000715a                __data_load_end = (__data_load_start + SIZEOF (.data))

.noinit         0x0080023d        0x0
                0x0080023d                PROVIDE (__noinit_start, .)
 *(.noinit*)
                0x0080023d                PROVIDE (__noinit_end, .)
                0x0080023d                _end = .
                0x0080023d                PROVIDE (__heap_start, .)

.eeprom         0x00810000        0x0
 *(.eeprom*)
                0x00810000                __eeprom_end = .

.fuse
 *(.fuse)
 *(.lfuse)
 *(.hfuse)
 *(.efuse)

.lock
 *(.lock*)

.signature
 *(.signature*)

.stab           0x00000000     0x465c
 *(.stab)
 .stab          0x00000000      0x48c adc.o
 .stab          0x0000048c      0x624 gpio.o
                                0x870 (size before relaxing)
 .stab          0x00000ab0      0x45c keypad.o
                                0x6b4 (size before relaxing)
 .stab          0x00000f0c     0x1098 lcd.o
                               0x12fc (size before relaxing)
 .stab          0x00001fa4     0x26b8 main.o
                               0x2988 (size before relaxing)

.stabstr        0x00000000      0xf18
 *(.stabstr)
 .stabstr       0x00000000      0xf18 adc.o

.stab.excl
 *(.stab.excl)

.stab.exclstr
 *(.stab.exclstr)

.stab.index
 *(.stab.index)

.stab.indexstr
 *(.stab.indexstr)

.comment
 *(.comment)

.debug
 *(.debug)

.line
 *(.line)

.debug_srcinfo
 *(.debug_srcinfo)

.debug_sfnames
 *(.debug_sfnames)

.debug_aranges  0x00000000      0x1a0
 *(.debug_aranges)
 .debug_aranges
                0x00000000       0x20 d:/programs/avr-gcc/avr_cdrive/bin/../lib/gcc/avr/4.3.3/avr5\libgcc.a(_fixunssfsi.o)
 .debug_aranges
                0x00000020       0x20 d:/programs/avr-gcc/avr_cdrive/bin/../lib/gcc/avr/4.3.3/avr5\libgcc.a(_addsub_sf.o)
 .debug_aranges
                0x00000040       0x20 d:/programs/avr-gcc/avr_cdrive/bin/../lib/gcc/avr/4.3.3/avr5\libgcc.a(_mul_sf.o)
 .debug_aranges
                0x00000060       0x20 d:/programs/avr-gcc/avr_cdrive/bin/../lib/gcc/avr/4.3.3/avr5\libgcc.a(_div_sf.o)
 .debug_aranges
                0x00000080       0x20 d:/programs/avr-gcc/avr_cdrive/bin/../lib/gcc/avr/4.3.3/avr5\libgcc.a(_gt_sf.o)
 .debug_aranges
                0x000000a0       0x20 d:/programs/avr-gcc/avr_cdrive/bin/../lib/gcc/avr/4.3.3/avr5\libgcc.a(_ge_sf.o)
 .debug_aranges
                0x000000c0       0x20 d:/programs/avr-gcc/avr_cdrive/bin/../lib/gcc/avr/4.3.3/avr5\libgcc.a(_lt_sf.o)
 .debug_aranges
                0x000000e0       0x20 d:/programs/avr-gcc/avr_cdrive/bin/../lib/gcc/avr/4.3.3/avr5\libgcc.a(_sf_to_si.o)
 .debug_aranges
                0x00000100       0x20 d:/programs/avr-gcc/avr_cdrive/bin/../lib/gcc/avr/4.3.3/avr5\libgcc.a(_usi_to_sf.o)
 .debug_aranges
                0x00000120       0x20 d:/programs/avr-gcc/avr_cdrive/bin/../lib/gcc/avr/4.3.3/avr5\libgcc.a(_clzsi2.o)
 .debug_aranges
                0x00000140       0x20 d:/programs/avr-gcc/avr_cdrive/bin/../lib/gcc/avr/4.3.3/avr5\libgcc.a(_pack_sf.o)
 .debug_aranges
                0x00000160       0x20 d:/programs/avr-gcc/avr_cdrive/bin/../lib/gcc/avr/4.3.3/avr5\libgcc.a(_unpack_sf.o)
 .debug_aranges
                0x00000180       0x20 d:/programs/avr-gcc/avr_cdrive/bin/../lib/gcc/avr/4.3.3/avr5\libgcc.a(_fpcmp_parts_sf.o)

.debug_pubnames
                0x00000000      0x1f2
 *(.debug_pubnames)
 .debug_pubnames
                0x00000000       0x23 d:/programs/avr-gcc/avr_cdrive/bin/../lib/gcc/avr/4.3.3/avr5\libgcc.a(_fixunssfsi.o)
 .debug_pubnames
                0x00000023       0x2c d:/programs/avr-gcc/avr_cdrive/bin/../lib/gcc/avr/4.3.3/avr5\libgcc.a(_addsub_sf.o)
 .debug_pubnames
                0x0000004f       0x1f d:/programs/avr-gcc/avr_cdrive/bin/../lib/gcc/avr/4.3.3/avr5\libgcc.a(_mul_sf.o)
 .debug_pubnames
                0x0000006e       0x1f d:/programs/avr-gcc/avr_cdrive/bin/../lib/gcc/avr/4.3.3/avr5\libgcc.a(_div_sf.o)
 .debug_pubnames
                0x0000008d       0x1e d:/programs/avr-gcc/avr_cdrive/bin/../lib/gcc/avr/4.3.3/avr5\libgcc.a(_gt_sf.o)
 .debug_pubnames
                0x000000ab       0x1e d:/programs/avr-gcc/avr_cdrive/bin/../lib/gcc/avr/4.3.3/avr5\libgcc.a(_ge_sf.o)
 .debug_pubnames
                0x000000c9       0x1e d:/programs/avr-gcc/avr_cdrive/bin/../lib/gcc/avr/4.3.3/avr5\libgcc.a(_lt_sf.o)
 .debug_pubnames
                0x000000e7       0x20 d:/programs/avr-gcc/avr_cdrive/bin/../lib/gcc/avr/4.3.3/avr5\libgcc.a(_sf_to_si.o)
 .debug_pubnames
                0x00000107       0x22 d:/programs/avr-gcc/avr_cdrive/bin/../lib/gcc/avr/4.3.3/avr5\libgcc.a(_thenan_sf.o)
 .debug_pubnames
                0x00000129       0x24 d:/programs/avr-gcc/avr_cdrive/bin/../lib/gcc/avr/4.3.3/avr5\libgcc.a(_usi_to_sf.o)
 .debug_pubnames
                0x0000014d       0x1f d:/programs/avr-gcc/avr_cdrive/bin/../lib/gcc/avr/4.3.3/avr5\libgcc.a(_clzsi2.o)
 .debug_pubnames
                0x0000016c       0x1f d:/programs/avr-gcc/avr_cdrive/bin/../lib/gcc/avr/4.3.3/avr5\libgcc.a(_pack_sf.o)
 .debug_pubnames
                0x0000018b       0x21 d:/programs/avr-gcc/avr_cdrive/bin/../lib/gcc/avr/4.3.3/avr5\libgcc.a(_unpack_sf.o)
 .debug_pubnames
                0x000001ac       0x26 d:/programs/avr-gcc/avr_cdrive/bin/../lib/gcc/avr/4.3.3/avr5\libgcc.a(_fpcmp_parts_sf.o)
 .debug_pubnames
                0x000001d2       0x20 d:/programs/avr-gcc/avr_cdrive/bin/../lib/gcc/avr/4.3.3/avr5\libgcc.a(_clz.o)

.debug_info     0x00000000     0x240b
 *(.debug_info)
 .debug_info    0x00000000       0xb1 d:/programs/avr-gcc/avr_cdrive/bin/../lib/gcc/avr/4.3.3/avr5\libgcc.a(_fixunssfsi.o)
 .debug_info    0x000000b1      0x47a d:/programs/avr-gcc/avr_cdrive/bin/../lib/gcc/avr/4.3.3/avr5\libgcc.a(_addsub_sf.o)
 .debug_info    0x0000052b      0x485 d:/programs/avr-gcc/avr_cdrive/bin/../lib/gcc/avr/4.3.3/avr5\libgcc.a(_mul_sf.o)
 .debug_info    0x000009b0      0x3fc d:/programs/avr-gcc/avr_cdrive/bin/../lib/gcc/avr/4.3.3/avr5\libgcc.a(_div_sf.o)
 .debug_info    0x00000dac      0x27f d:/programs/avr-gcc/avr_cdrive/bin/../lib/gcc/avr/4.3.3/avr5\libgcc.a(_gt_sf.o)
 .debug_info    0x0000102b      0x27f d:/programs/avr-gcc/avr_cdrive/bin/../lib/gcc/avr/4.3.3/avr5\libgcc.a(_ge_sf.o)
 .debug_info    0x000012aa      0x27f d:/programs/avr-gcc/avr_cdrive/bin/../lib/gcc/avr/4.3.3/avr5\libgcc.a(_lt_sf.o)
 .debug_info    0x00001529      0x2b0 d:/programs/avr-gcc/avr_cdrive/bin/../lib/gcc/avr/4.3.3/avr5\libgcc.a(_sf_to_si.o)
 .debug_info    0x000017d9      0x12c d:/programs/avr-gcc/avr_cdrive/bin/../lib/gcc/avr/4.3.3/avr5\libgcc.a(_thenan_sf.o)
 .debug_info    0x00001905      0x206 d:/programs/avr-gcc/avr_cdrive/bin/../lib/gcc/avr/4.3.3/avr5\libgcc.a(_usi_to_sf.o)
 .debug_info    0x00001b0b      0x117 d:/programs/avr-gcc/avr_cdrive/bin/../lib/gcc/avr/4.3.3/avr5\libgcc.a(_clzsi2.o)
 .debug_info    0x00001c22      0x2df d:/programs/avr-gcc/avr_cdrive/bin/../lib/gcc/avr/4.3.3/avr5\libgcc.a(_pack_sf.o)
 .debug_info    0x00001f01      0x251 d:/programs/avr-gcc/avr_cdrive/bin/../lib/gcc/avr/4.3.3/avr5\libgcc.a(_unpack_sf.o)
 .debug_info    0x00002152      0x210 d:/programs/avr-gcc/avr_cdrive/bin/../lib/gcc/avr/4.3.3/avr5\libgcc.a(_fpcmp_parts_sf.o)
 .debug_info    0x00002362       0xa9 d:/programs/avr-gcc/avr_cdrive/bin/../lib/gcc/avr/4.3.3/avr5\libgcc.a(_clz.o)
 *(.gnu.linkonce.wi.*)

.debug_abbrev   0x00000000     0x1386
 *(.debug_abbrev)
 .debug_abbrev  0x00000000       0x5d d:/programs/avr-gcc/avr_cdrive/bin/../lib/gcc/avr/4.3.3/avr5\libgcc.a(_fixunssfsi.o)
 .debug_abbrev  0x0000005d      0x1ea d:/programs/avr-gcc/avr_cdrive/bin/../lib/gcc/avr/4.3.3/avr5\libgcc.a(_addsub_sf.o)
 .debug_abbrev  0x00000247      0x21b d:/programs/avr-gcc/avr_cdrive/bin/../lib/gcc/avr/4.3.3/avr5\libgcc.a(_mul_sf.o)
 .debug_abbrev  0x00000462      0x216 d:/programs/avr-gcc/avr_cdrive/bin/../lib/gcc/avr/4.3.3/avr5\libgcc.a(_div_sf.o)
 .debug_abbrev  0x00000678      0x15a d:/programs/avr-gcc/avr_cdrive/bin/../lib/gcc/avr/4.3.3/avr5\libgcc.a(_gt_sf.o)
 .debug_abbrev  0x000007d2      0x15a d:/programs/avr-gcc/avr_cdrive/bin/../lib/gcc/avr/4.3.3/avr5\libgcc.a(_ge_sf.o)
 .debug_abbrev  0x0000092c      0x15a d:/programs/avr-gcc/avr_cdrive/bin/../lib/gcc/avr/4.3.3/avr5\libgcc.a(_lt_sf.o)
 .debug_abbrev  0x00000a86      0x17f d:/programs/avr-gcc/avr_cdrive/bin/../lib/gcc/avr/4.3.3/avr5\libgcc.a(_sf_to_si.o)
 .debug_abbrev  0x00000c05       0xad d:/programs/avr-gcc/avr_cdrive/bin/../lib/gcc/avr/4.3.3/avr5\libgcc.a(_thenan_sf.o)
 .debug_abbrev  0x00000cb2      0x157 d:/programs/avr-gcc/avr_cdrive/bin/../lib/gcc/avr/4.3.3/avr5\libgcc.a(_usi_to_sf.o)
 .debug_abbrev  0x00000e09       0xc4 d:/programs/avr-gcc/avr_cdrive/bin/../lib/gcc/avr/4.3.3/avr5\libgcc.a(_clzsi2.o)
 .debug_abbrev  0x00000ecd      0x1c0 d:/programs/avr-gcc/avr_cdrive/bin/../lib/gcc/avr/4.3.3/avr5\libgcc.a(_pack_sf.o)
 .debug_abbrev  0x0000108d      0x154 d:/programs/avr-gcc/avr_cdrive/bin/../lib/gcc/avr/4.3.3/avr5\libgcc.a(_unpack_sf.o)
 .debug_abbrev  0x000011e1      0x13b d:/programs/avr-gcc/avr_cdrive/bin/../lib/gcc/avr/4.3.3/avr5\libgcc.a(_fpcmp_parts_sf.o)
 .debug_abbrev  0x0000131c       0x6a d:/programs/avr-gcc/avr_cdrive/bin/../lib/gcc/avr/4.3.3/avr5\libgcc.a(_clz.o)

.debug_line     0x00000000     0x11d6
 *(.debug_line)
 .debug_line    0x00000000       0xa7 d:/programs/avr-gcc/avr_cdrive/bin/../lib/gcc/avr/4.3.3/avr5\libgcc.a(_fixunssfsi.o)
 .debug_line    0x000000a7      0x2af d:/programs/avr-gcc/avr_cdrive/bin/../lib/gcc/avr/4.3.3/avr5\libgcc.a(_addsub_sf.o)
 .debug_line    0x00000356      0x239 d:/programs/avr-gcc/avr_cdrive/bin/../lib/gcc/avr/4.3.3/avr5\libgcc.a(_mul_sf.o)
 .debug_line    0x0000058f      0x1d5 d:/programs/avr-gcc/avr_cdrive/bin/../lib/gcc/avr/4.3.3/avr5\libgcc.a(_div_sf.o)
 .debug_line    0x00000764       0xd3 d:/programs/avr-gcc/avr_cdrive/bin/../lib/gcc/avr/4.3.3/avr5\libgcc.a(_gt_sf.o)
 .debug_line    0x00000837       0xd3 d:/programs/avr-gcc/avr_cdrive/bin/../lib/gcc/avr/4.3.3/avr5\libgcc.a(_ge_sf.o)
 .debug_line    0x0000090a       0xd3 d:/programs/avr-gcc/avr_cdrive/bin/../lib/gcc/avr/4.3.3/avr5\libgcc.a(_lt_sf.o)
 .debug_line    0x000009dd      0x109 d:/programs/avr-gcc/avr_cdrive/bin/../lib/gcc/avr/4.3.3/avr5\libgcc.a(_sf_to_si.o)
 .debug_line    0x00000ae6       0x90 d:/programs/avr-gcc/avr_cdrive/bin/../lib/gcc/avr/4.3.3/avr5\libgcc.a(_thenan_sf.o)
 .debug_line    0x00000b76      0x133 d:/programs/avr-gcc/avr_cdrive/bin/../lib/gcc/avr/4.3.3/avr5\libgcc.a(_usi_to_sf.o)
 .debug_line    0x00000ca9       0xa5 d:/programs/avr-gcc/avr_cdrive/bin/../lib/gcc/avr/4.3.3/avr5\libgcc.a(_clzsi2.o)
 .debug_line    0x00000d4e      0x18a d:/programs/avr-gcc/avr_cdrive/bin/../lib/gcc/avr/4.3.3/avr5\libgcc.a(_pack_sf.o)
 .debug_line    0x00000ed8      0x14b d:/programs/avr-gcc/avr_cdrive/bin/../lib/gcc/avr/4.3.3/avr5\libgcc.a(_unpack_sf.o)
 .debug_line    0x00001023      0x137 d:/programs/avr-gcc/avr_cdrive/bin/../lib/gcc/avr/4.3.3/avr5\libgcc.a(_fpcmp_parts_sf.o)
 .debug_line    0x0000115a       0x7c d:/programs/avr-gcc/avr_cdrive/bin/../lib/gcc/avr/4.3.3/avr5\libgcc.a(_clz.o)

.debug_frame    0x00000000      0x1c0
 *(.debug_frame)
 .debug_frame   0x00000000       0x20 d:/programs/avr-gcc/avr_cdrive/bin/../lib/gcc/avr/4.3.3/avr5\libgcc.a(_fixunssfsi.o)
 .debug_frame   0x00000020       0x40 d:/programs/avr-gcc/avr_cdrive/bin/../lib/gcc/avr/4.3.3/avr5\libgcc.a(_addsub_sf.o)
 .debug_frame   0x00000060       0x20 d:/programs/avr-gcc/avr_cdrive/bin/../lib/gcc/avr/4.3.3/avr5\libgcc.a(_mul_sf.o)
 .debug_frame   0x00000080       0x20 d:/programs/avr-gcc/avr_cdrive/bin/../lib/gcc/avr/4.3.3/avr5\libgcc.a(_div_sf.o)
 .debug_frame   0x000000a0       0x20 d:/programs/avr-gcc/avr_cdrive/bin/../lib/gcc/avr/4.3.3/avr5\libgcc.a(_gt_sf.o)
 .debug_frame   0x000000c0       0x20 d:/programs/avr-gcc/avr_cdrive/bin/../lib/gcc/avr/4.3.3/avr5\libgcc.a(_ge_sf.o)
 .debug_frame   0x000000e0       0x20 d:/programs/avr-gcc/avr_cdrive/bin/../lib/gcc/avr/4.3.3/avr5\libgcc.a(_lt_sf.o)
 .debug_frame   0x00000100       0x20 d:/programs/avr-gcc/avr_cdrive/bin/../lib/gcc/avr/4.3.3/avr5\libgcc.a(_sf_to_si.o)
 .debug_frame   0x00000120       0x20 d:/programs/avr-gcc/avr_cdrive/bin/../lib/gcc/avr/4.3.3/avr5\libgcc.a(_usi_to_sf.o)
 .debug_frame   0x00000140       0x20 d:/programs/avr-gcc/avr_cdrive/bin/../lib/gcc/avr/4.3.3/avr5\libgcc.a(_clzsi2.o)
 .debug_frame   0x00000160       0x20 d:/programs/avr-gcc/avr_cdrive/bin/../lib/gcc/avr/4.3.3/avr5\libgcc.a(_pack_sf.o)
 .debug_frame   0x00000180       0x20 d:/programs/avr-gcc/avr_cdrive/bin/../lib/gcc/avr/4.3.3/avr5\libgcc.a(_unpack_sf.o)
 .debug_frame   0x000001a0       0x20 d:/programs/avr-gcc/avr_cdrive/bin/../lib/gcc/avr/4.3.3/avr5\libgcc.a(_fpcmp_parts_sf.o)

.debug_str      0x00000000      0x2f6
 *(.debug_str)
 .debug_str     0x00000000       0xbf d:/programs/avr-gcc/avr_cdrive/bin/../lib/gcc/avr/4.3.3/avr5\libgcc.a(_fixunssfsi.o)
                                 0xfe (size before relaxing)
 .debug_str     0x000000bf      0x14d d:/programs/avr-gcc/avr_cdrive/bin/../lib/gcc/avr/4.3.3/avr5\libgcc.a(_addsub_sf.o)
                                0x206 (size before relaxing)
 .debug_str     0x0000020c       0x27 d:/programs/avr-gcc/avr_cdrive/bin/../lib/gcc/avr/4.3.3/avr5\libgcc.a(_mul_sf.o)
                                0x1bf (size before relaxing)
 .debug_str     0x00000233       0x35 d:/programs/avr-gcc/avr_cdrive/bin/../lib/gcc/avr/4.3.3/avr5\libgcc.a(_div_sf.o)
                                0x1c8 (size before relaxing)
 .debug_str     0x00000268        0x8 d:/programs/avr-gcc/avr_cdrive/bin/../lib/gcc/avr/4.3.3/avr5\libgcc.a(_gt_sf.o)
                                0x195 (size before relaxing)
 .debug_str     0x00000270        0x8 d:/programs/avr-gcc/avr_cdrive/bin/../lib/gcc/avr/4.3.3/avr5\libgcc.a(_ge_sf.o)
                                0x195 (size before relaxing)
 .debug_str     0x00000278        0x8 d:/programs/avr-gcc/avr_cdrive/bin/../lib/gcc/avr/4.3.3/avr5\libgcc.a(_lt_sf.o)
                                0x195 (size before relaxing)
 .debug_str     0x00000280        0xa d:/programs/avr-gcc/avr_cdrive/bin/../lib/gcc/avr/4.3.3/avr5\libgcc.a(_sf_to_si.o)
                                0x19e (size before relaxing)
 .debug_str     0x00000000      0x103 d:/programs/avr-gcc/avr_cdrive/bin/../lib/gcc/avr/4.3.3/avr5\libgcc.a(_thenan_sf.o)
 .debug_str     0x0000028a       0x21 d:/programs/avr-gcc/avr_cdrive/bin/../lib/gcc/avr/4.3.3/avr5\libgcc.a(_usi_to_sf.o)
                                0x177 (size before relaxing)
 .debug_str     0x000002ab       0x20 d:/programs/avr-gcc/avr_cdrive/bin/../lib/gcc/avr/4.3.3/avr5\libgcc.a(_clzsi2.o)
                                0x111 (size before relaxing)
 .debug_str     0x000002cb       0x10 d:/programs/avr-gcc/avr_cdrive/bin/../lib/gcc/avr/4.3.3/avr5\libgcc.a(_pack_sf.o)
                                0x19d (size before relaxing)
 .debug_str     0x000002db        0xb d:/programs/avr-gcc/avr_cdrive/bin/../lib/gcc/avr/4.3.3/avr5\libgcc.a(_unpack_sf.o)
                                0x17f (size before relaxing)
 .debug_str     0x000002e6       0x10 d:/programs/avr-gcc/avr_cdrive/bin/../lib/gcc/avr/4.3.3/avr5\libgcc.a(_fpcmp_parts_sf.o)
                                0x163 (size before relaxing)
 .debug_str     0x00000000       0xf4 d:/programs/avr-gcc/avr_cdrive/bin/../lib/gcc/avr/4.3.3/avr5\libgcc.a(_clz.o)

.debug_loc      0x00000000      0x96e
 *(.debug_loc)
 .debug_loc     0x00000000       0x34 d:/programs/avr-gcc/avr_cdrive/bin/../lib/gcc/avr/4.3.3/avr5\libgcc.a(_fixunssfsi.o)
 .debug_loc     0x00000034      0x32a d:/programs/avr-gcc/avr_cdrive/bin/../lib/gcc/avr/4.3.3/avr5\libgcc.a(_addsub_sf.o)
 .debug_loc     0x0000035e      0x104 d:/programs/avr-gcc/avr_cdrive/bin/../lib/gcc/avr/4.3.3/avr5\libgcc.a(_mul_sf.o)
 .debug_loc     0x00000462       0xc0 d:/programs/avr-gcc/avr_cdrive/bin/../lib/gcc/avr/4.3.3/avr5\libgcc.a(_div_sf.o)
 .debug_loc     0x00000522       0x3c d:/programs/avr-gcc/avr_cdrive/bin/../lib/gcc/avr/4.3.3/avr5\libgcc.a(_gt_sf.o)
 .debug_loc     0x0000055e       0x3c d:/programs/avr-gcc/avr_cdrive/bin/../lib/gcc/avr/4.3.3/avr5\libgcc.a(_ge_sf.o)
 .debug_loc     0x0000059a       0x3c d:/programs/avr-gcc/avr_cdrive/bin/../lib/gcc/avr/4.3.3/avr5\libgcc.a(_lt_sf.o)
 .debug_loc     0x000005d6       0x7e d:/programs/avr-gcc/avr_cdrive/bin/../lib/gcc/avr/4.3.3/avr5\libgcc.a(_sf_to_si.o)
 .debug_loc     0x00000654       0x4c d:/programs/avr-gcc/avr_cdrive/bin/../lib/gcc/avr/4.3.3/avr5\libgcc.a(_usi_to_sf.o)
 .debug_loc     0x000006a0       0x94 d:/programs/avr-gcc/avr_cdrive/bin/../lib/gcc/avr/4.3.3/avr5\libgcc.a(_clzsi2.o)
 .debug_loc     0x00000734      0x13e d:/programs/avr-gcc/avr_cdrive/bin/../lib/gcc/avr/4.3.3/avr5\libgcc.a(_pack_sf.o)
 .debug_loc     0x00000872       0xac d:/programs/avr-gcc/avr_cdrive/bin/../lib/gcc/avr/4.3.3/avr5\libgcc.a(_unpack_sf.o)
 .debug_loc     0x0000091e       0x50 d:/programs/avr-gcc/avr_cdrive/bin/../lib/gcc/avr/4.3.3/avr5\libgcc.a(_fpcmp_parts_sf.o)

.debug_macinfo
 *(.debug_macinfo)
OUTPUT(DMM_Final_Ammeter_Build.elf elf32-avr)
LOAD linker stubs

.debug_ranges   0x00000000       0x50
 .debug_ranges  0x00000000       0x50 d:/programs/avr-gcc/avr_cdrive/bin/../lib/gcc/avr/4.3.3/avr5\libgcc.a(_mul_sf.o)
